../Core/Src/main.c:70:6:grzanie_on_off	8	static
../Core/Src/main.c:79:6:auto_manual_on_off	8	static
../Core/Src/main.c:89:6:HAL_UART_RxCpltCallback	16	static
../Core/Src/main.c:104:7:zadajnik	16	static
../Core/Src/main.c:112:6:wentyl	16	static
../Core/Src/main.c:124:6:change_current_duty_cycle	32	static
../Core/Src/main.c:132:6:wyswietlacz	152	static
../Core/Src/main.c:183:6:transmit_data	128	static
../Core/Src/main.c:193:6:HAL_TIM_PeriodElapsedCallback	16	static
../Core/Src/main.c:234:5:main	8	static
../Core/Src/main.c:301:6:SystemClock_Config	88	static
../Core/Src/main.c:361:6:Error_Handler	4	static,ignoring_inline_asm
