../Core/Src/main.c:75:6:nastawy_pid_cmsis	16	static
../Core/Src/main.c:83:6:ograniczenie_sygnału_cmsis	16	static
../Core/Src/main.c:93:6:grzanie_on_off	8	static
../Core/Src/main.c:102:6:auto_manual_on_off	8	static
../Core/Src/main.c:112:6:HAL_UART_RxCpltCallback	16	static
../Core/Src/main.c:129:7:zadajnik	16	static
../Core/Src/main.c:138:6:change_current_duty_cycle	32	static
../Core/Src/main.c:146:6:wyswietlacz	152	static
../Core/Src/main.c:197:6:transmit_data	128	static
../Core/Src/main.c:212:6:HAL_TIM_PeriodElapsedCallback	32	static
../Core/Src/main.c:267:5:main	8	static
../Core/Src/main.c:336:6:SystemClock_Config	88	static
../Core/Src/main.c:396:6:Error_Handler	4	static,ignoring_inline_asm
